<html>
<body>
<pre>
<h1>µVision Build Log</h1>
<h2>Tool Versions:</h2>
IDE-Version: µVision V5.36.0.0
Copyright (C) 2021 ARM Ltd and ARM Germany GmbH. All rights reserved.
License Information: Andrea Perez, INSA Toulouse, LIC=----
 
Tool Versions:
Toolchain:       MDK-Lite  Version: 5.36.0.0
Toolchain Path:  C:\Keil_v5\ARM\ARMCC\Bin
C Compiler:      Armcc.exe V5.06 update 7 (build 960)
Assembler:       Armasm.exe V5.06 update 7 (build 960)
Linker/Locator:  ArmLink.exe V5.06 update 7 (build 960)
Library Manager: ArmAr.exe V5.06 update 7 (build 960)
Hex Converter:   FromElf.exe V5.06 update 7 (build 960)
CPU DLL:         SARMCM3.DLL V5.36.0.0
Dialog DLL:      DARMSTM.DLL V1.68.0.0
Target DLL:      STLink\ST-LINKIII-KEIL_SWO.dll V3.0.9.0
Dialog DLL:      TCM.DLL V1.53.0.0
 
<h2>Project:</h2>
C:\Users\andre\Documents\Andrea\Projet_voilier\projet_voilier.uvprojx
Project File Date:  10/22/2021

<h2>Output:</h2>
*** Using Compiler 'V5.06 update 7 (build 960)', folder: 'C:\Keil_v5\ARM\ARMCC\Bin'
Rebuild target 'Reel'
assembling startup_stm32f10x_md.s...
compiling MyGPIO.c...
compiling system_stm32f10x.c...
compiling MyAngles.c...
.\Include\MyAngles.h(23): warning:  #1-D: last line of file ends without a newline
  #endif
Source\MyAngles.c: 1 warning, 0 errors
compiling main.c...
.\Include\MyAngles.h(23): warning:  #1-D: last line of file ends without a newline
  #endif
Source\main.c(65): warning:  #1-D: last line of file ends without a newline
   
Source\main.c: 2 warnings, 0 errors
compiling MyTimer.c...
Source\MyTimer.c(302): warning:  #550-D: variable "channel1"  was set but never used
  	MyGPIO_Struct_TypeDef channel1;
Source\MyTimer.c(303): warning:  #550-D: variable "channel2"  was set but never used
  	MyGPIO_Struct_TypeDef channel2; //set both associated intput pin channel to input floating
Source\MyTimer.c: 2 warnings, 0 errors
linking...
Program Size: Code=2416 RO-data=268 RW-data=8 ZI-data=1024  
".\Objects\projet_voilier_reel.axf" - 0 Error(s), 5 Warning(s).

<h2>Software Packages used:</h2>

Package Vendor: ARM
                http://www.keil.com/pack/ARM.CMSIS.5.8.0.pack
                ARM.CMSIS.5.8.0
                CMSIS (Common Microcontroller Software Interface Standard)
   * Component: CORE Version: 5.5.0

Package Vendor: Keil
                http://www.keil.com/pack/Keil.STM32F1xx_DFP.2.3.0.pack
                Keil.STM32F1xx_DFP.2.3.0
                STMicroelectronics STM32F1 Series Device Support, Drivers and Examples
   * Component: Startup Version: 1.0.0

<h2>Collection of Component include folders:</h2>
  .\RTE\Device\STM32F103RB
  .\RTE\_Reel
  C:\Users\andre\AppData\Local\Arm\Packs\ARM\CMSIS\5.8.0\CMSIS\Core\Include
  C:\Users\andre\AppData\Local\Arm\Packs\Keil\STM32F1xx_DFP\2.3.0\Device\Include

<h2>Collection of Component Files used:</h2>

   * Component: ARM::CMSIS:CORE:5.5.0

   * Component: Keil::Device:Startup:1.0.0
      Source file:   Device\Source\system_stm32f10x.c
      Include file:  RTE_Driver\Config\RTE_Device.h
      Source file:   Device\Source\ARM\startup_stm32f10x_md.s
      Source file:   Device\Source\ARM\STM32F1xx_OPT.s
Build Time Elapsed:  00:00:01
</pre>
</body>
</html>
