Component: ARM Compiler 5.06 update 7 (build 960) Tool: armlink [4d3601]

==============================================================================

Section Cross References

    main.o(i.main) refers to direction.o(i.GPIO_TX_Config) for GPIO_TX_Config
    main.o(i.main) refers to direction.o(i.GPIO_RX_Config) for GPIO_RX_Config
    main.o(i.main) refers to myangles.o(i.Configuration) for Configuration
    main.o(i.main) refers to antichavirement.o(i.GPIO_Config) for GPIO_Config
    main.o(i.main) refers to antichavirement.o(i.SPI_Config) for SPI_Config
    main.o(i.main) refers to antichavirement.o(i.SPI_Enable) for SPI_Enable
    main.o(i.main) refers to antichavirement.o(i.adxl345_init) for adxl345_init
    main.o(i.main) refers to antichavirement.o(i.adxl345_write) for adxl345_write
    main.o(i.main) refers to antichavirement.o(i.adxl345_read) for adxl345_read
    main.o(i.main) refers to mytimer.o(i.MyTimer_Base_Init) for MyTimer_Base_Init
    main.o(i.main) refers to mytimer.o(i.MyTimer_PWM) for MyTimer_PWM
    main.o(i.main) refers to mytimer.o(i.change_ratio) for change_ratio
    main.o(i.main) refers to plateau.o(i.Config_GPIOsigne) for Config_GPIOsigne
    main.o(i.main) refers to direction.o(i.configure_usart3_9600bps) for configure_usart3_9600bps
    main.o(i.main) refers to direction.o(i.configuration_usart3_9600_receive) for configuration_usart3_9600_receive
    main.o(i.main) refers to myangles.o(i.Active_IT_Zero) for Active_IT_Zero
    main.o(i.main) refers to antichavirement.o(i.Delay_ms) for Delay_ms
    main.o(i.main) refers to myangles.o(i.infos_angle) for infos_angle
    main.o(i.main) refers to dfltui.o(.text) for __aeabi_ui2d
    main.o(i.main) refers to dmul.o(.text) for __aeabi_dmul
    main.o(i.main) refers to d2f.o(.text) for __aeabi_d2f
    main.o(i.main) refers to atan.o(i.atan) for atan
    main.o(i.main) refers to f2d.o(.text) for __aeabi_f2d
    main.o(i.main) refers to acos.o(i.acos) for acos
    main.o(i.main) refers to ddiv.o(.text) for __aeabi_ddiv
    main.o(i.main) refers to plateau.o(i.Plateau) for Plateau
    main.o(i.main) refers to cdrcmple.o(.text) for __aeabi_cdrcmple
    main.o(i.main) refers to direction.o(i.send) for send
    main.o(i.main) refers to myangles.o(i.ratio_moteur) for ratio_moteur
    main.o(i.main) refers to main.o(.data) for dataoff
    main.o(i.main) refers to main.o(i.Remise_zero) for Remise_zero
    mytimer.o(i.MyTimer_ActiveIT) refers to mytimer.o(i.__NVIC_EnableIRQ) for __NVIC_EnableIRQ
    mytimer.o(i.MyTimer_ActiveIT) refers to mytimer.o(i.__NVIC_SetPriority) for __NVIC_SetPriority
    mytimer.o(i.MyTimer_ActiveIT) refers to mytimer.o(.data) for pFnc
    mytimer.o(i.MyTimer_PWM) refers to mygpio.o(i.MyGPIO_Init) for MyGPIO_Init
    mytimer.o(i.TIM1_UP_IRQHandler) refers to mytimer.o(.data) for pFnc
    mytimer.o(i.TIM2_IRQHandler) refers to mytimer.o(.data) for pFnc
    mytimer.o(i.TIM3_IRQHandler) refers to mytimer.o(.data) for pFnc
    mytimer.o(i.TIM4_IRQHandler) refers to mytimer.o(.data) for pFnc
    mytimer.o(i.change_ratio) refers to ffltui.o(.text) for __aeabi_ui2f
    mytimer.o(i.change_ratio) refers to fmul.o(.text) for __aeabi_fmul
    mytimer.o(i.change_ratio) refers to ffixi.o(.text) for __aeabi_f2iz
    mytimer.o(i.input_capture_mode) refers to mygpio.o(i.MyGPIO_Init) for MyGPIO_Init
    myangles.o(i.Active_IT_Zero) refers to mygpio.o(i.MyGPIO_Init) for MyGPIO_Init
    myangles.o(i.Active_IT_Zero) refers to myangles.o(.data) for pFncext
    myangles.o(i.Configuration) refers to mygpio.o(i.MyGPIO_Init) for MyGPIO_Init
    myangles.o(i.Configuration) refers to mytimer.o(i.MyTimer_Base_Init) for MyTimer_Base_Init
    myangles.o(i.Configuration) refers to mytimer.o(i.input_capture_mode) for input_capture_mode
    myangles.o(i.EXTI15_10_IRQHandler) refers to myangles.o(.data) for pFncext
    myangles.o(i.infos_angle) refers to fflti.o(.text) for __aeabi_i2f
    myangles.o(i.infos_angle) refers to fdiv.o(.text) for __aeabi_fdiv
    myangles.o(i.infos_angle) refers to cfrcmple.o(.text) for __aeabi_cfrcmple
    myangles.o(i.infos_angle) refers to direction.o(i.send) for send
    myangles.o(i.infos_angle) refers to cfcmple.o(.text) for __aeabi_cfcmple
    myangles.o(i.infos_angle) refers to myangles.o(.data) for data_allure_vent_debout
    myangles.o(i.ratio_moteur) refers to fflti.o(.text) for __aeabi_i2f
    myangles.o(i.ratio_moteur) refers to cfcmple.o(.text) for __aeabi_cfcmple
    myangles.o(i.ratio_moteur) refers to fdiv.o(.text) for __aeabi_fdiv
    myangles.o(i.ratio_moteur) refers to fadd.o(.text) for __aeabi_fadd
    antichavirement.o(i.Delay_ms) refers to antichavirement.o(i.Delay_us) for Delay_us
    antichavirement.o(i.GPIO_Config) refers to mygpio.o(i.MyGPIO_Init) for MyGPIO_Init
    antichavirement.o(i.GPIO_Config) refers to antichavirement.o(.constdata) for .constdata
    antichavirement.o(i.adxl345_init) refers to antichavirement.o(i.adxl345_write) for adxl345_write
    antichavirement.o(i.adxl345_read) refers to antichavirement.o(i.CS_Enable) for CS_Enable
    antichavirement.o(i.adxl345_read) refers to antichavirement.o(i.SPI_Transmission) for SPI_Transmission
    antichavirement.o(i.adxl345_read) refers to antichavirement.o(i.SPI_Receive) for SPI_Receive
    antichavirement.o(i.adxl345_read) refers to antichavirement.o(i.CS_Disable) for CS_Disable
    antichavirement.o(i.adxl345_write) refers to antichavirement.o(i.CS_Enable) for CS_Enable
    antichavirement.o(i.adxl345_write) refers to antichavirement.o(i.SPI_Transmission) for SPI_Transmission
    antichavirement.o(i.adxl345_write) refers to antichavirement.o(i.CS_Disable) for CS_Disable
    direction.o(i.GPIO_RX_Config) refers to mygpio.o(i.MyGPIO_Init) for MyGPIO_Init
    direction.o(i.GPIO_TX_Config) refers to mygpio.o(i.MyGPIO_Init) for MyGPIO_Init
    direction.o(i.send) refers to direction.o(i.alerte) for alerte
    direction.o(i.send) refers to antichavirement.o(i.Delay_ms) for Delay_ms
    plateau.o(i.Config_GPIOsigne) refers to mygpio.o(i.MyGPIO_Init) for MyGPIO_Init
    plateau.o(i.Plateau) refers to direction.o(i.receive) for receive
    plateau.o(i.Plateau) refers to mygpio.o(i.MyGPIO_Reset) for MyGPIO_Reset
    plateau.o(i.Plateau) refers to mygpio.o(i.MyGPIO_Set) for MyGPIO_Set
    plateau.o(i.Plateau) refers to fflti.o(.text) for __aeabi_i2f
    plateau.o(i.Plateau) refers to fdiv.o(.text) for __aeabi_fdiv
    plateau.o(i.Plateau) refers to mytimer.o(i.change_ratio) for change_ratio
    startup_stm32f10x_md.o(RESET) refers to startup_stm32f10x_md.o(STACK) for __initial_sp
    startup_stm32f10x_md.o(RESET) refers to startup_stm32f10x_md.o(.text) for Reset_Handler
    startup_stm32f10x_md.o(RESET) refers to mytimer.o(i.TIM1_UP_IRQHandler) for TIM1_UP_IRQHandler
    startup_stm32f10x_md.o(RESET) refers to mytimer.o(i.TIM2_IRQHandler) for TIM2_IRQHandler
    startup_stm32f10x_md.o(RESET) refers to mytimer.o(i.TIM3_IRQHandler) for TIM3_IRQHandler
    startup_stm32f10x_md.o(RESET) refers to mytimer.o(i.TIM4_IRQHandler) for TIM4_IRQHandler
    startup_stm32f10x_md.o(RESET) refers to myangles.o(i.EXTI15_10_IRQHandler) for EXTI15_10_IRQHandler
    startup_stm32f10x_md.o(.text) refers to system_stm32f10x.o(i.SystemInit) for SystemInit
    startup_stm32f10x_md.o(.text) refers to entry.o(.ARM.Collect$$$$00000000) for __main
    system_stm32f10x.o(i.SetSysClock) refers to system_stm32f10x.o(i.SetSysClockTo72) for SetSysClockTo72
    system_stm32f10x.o(i.SystemCoreClockUpdate) refers to system_stm32f10x.o(.data) for SystemCoreClock
    system_stm32f10x.o(i.SystemInit) refers to system_stm32f10x.o(i.SetSysClock) for SetSysClock
    acos.o(i.__softfp_acos) refers (Special) to iusefp.o(.text) for __I$use$fp
    acos.o(i.__softfp_acos) refers to acos.o(i.acos) for acos
    acos.o(i.acos) refers (Special) to iusefp.o(.text) for __I$use$fp
    acos.o(i.acos) refers to dunder.o(i.__mathlib_dbl_infnan) for __mathlib_dbl_infnan
    acos.o(i.acos) refers to errno.o(i.__set_errno) for __set_errno
    acos.o(i.acos) refers to dunder.o(i.__mathlib_dbl_invalid) for __mathlib_dbl_invalid
    acos.o(i.acos) refers to dmul.o(.text) for __aeabi_dmul
    acos.o(i.acos) refers to poly.o(i.__kernel_poly) for __kernel_poly
    acos.o(i.acos) refers to dadd.o(.text) for __aeabi_dadd
    acos.o(i.acos) refers to ddiv.o(.text) for __aeabi_ddiv
    acos.o(i.acos) refers to dscalb.o(.text) for __ARM_scalbn
    acos.o(i.acos) refers to sqrt.o(i.sqrt) for sqrt
    acos.o(i.acos) refers to acos.o(.constdata) for .constdata
    acos.o(.constdata) refers (Special) to iusefp.o(.text) for __I$use$fp
    acos_x.o(i.____softfp_acos$lsc) refers (Special) to iusefp.o(.text) for __I$use$fp
    acos_x.o(i.____softfp_acos$lsc) refers to acos_x.o(i.__acos$lsc) for __acos$lsc
    acos_x.o(i.__acos$lsc) refers (Special) to iusefp.o(.text) for __I$use$fp
    acos_x.o(i.__acos$lsc) refers to dunder.o(i.__mathlib_dbl_infnan) for __mathlib_dbl_infnan
    acos_x.o(i.__acos$lsc) refers to errno.o(i.__set_errno) for __set_errno
    acos_x.o(i.__acos$lsc) refers to dmul.o(.text) for __aeabi_dmul
    acos_x.o(i.__acos$lsc) refers to poly.o(i.__kernel_poly) for __kernel_poly
    acos_x.o(i.__acos$lsc) refers to dadd.o(.text) for __aeabi_dadd
    acos_x.o(i.__acos$lsc) refers to ddiv.o(.text) for __aeabi_ddiv
    acos_x.o(i.__acos$lsc) refers to dscalb.o(.text) for __ARM_scalbn
    acos_x.o(i.__acos$lsc) refers to sqrt.o(i.sqrt) for sqrt
    acos_x.o(i.__acos$lsc) refers to acos_x.o(.constdata) for .constdata
    acos_x.o(.constdata) refers (Special) to iusefp.o(.text) for __I$use$fp
    atan.o(i.__softfp_atan) refers (Special) to iusefp.o(.text) for __I$use$fp
    atan.o(i.__softfp_atan) refers to atan.o(i.atan) for atan
    atan.o(i.atan) refers (Special) to iusefp.o(.text) for __I$use$fp
    atan.o(i.atan) refers to dunder.o(i.__mathlib_dbl_infnan) for __mathlib_dbl_infnan
    atan.o(i.atan) refers to fpclassify.o(i.__ARM_fpclassify) for __ARM_fpclassify
    atan.o(i.atan) refers to dunder.o(i.__mathlib_dbl_underflow) for __mathlib_dbl_underflow
    atan.o(i.atan) refers to dadd.o(.text) for __aeabi_dadd
    atan.o(i.atan) refers to dscalb.o(.text) for __ARM_scalbn
    atan.o(i.atan) refers to ddiv.o(.text) for __aeabi_ddiv
    atan.o(i.atan) refers to dmul.o(.text) for __aeabi_dmul
    atan.o(i.atan) refers to poly.o(i.__kernel_poly) for __kernel_poly
    atan.o(i.atan) refers to atan.o(.constdata) for .constdata
    atan.o(.constdata) refers (Special) to iusefp.o(.text) for __I$use$fp
    atan_x.o(i.____softfp_atan$lsc) refers (Special) to iusefp.o(.text) for __I$use$fp
    atan_x.o(i.____softfp_atan$lsc) refers to atan_x.o(i.__atan$lsc) for __atan$lsc
    atan_x.o(i.__atan$lsc) refers (Special) to iusefp.o(.text) for __I$use$fp
    atan_x.o(i.__atan$lsc) refers to dunder.o(i.__mathlib_dbl_infnan) for __mathlib_dbl_infnan
    atan_x.o(i.__atan$lsc) refers to dadd.o(.text) for __aeabi_dadd
    atan_x.o(i.__atan$lsc) refers to dscalb.o(.text) for __ARM_scalbn
    atan_x.o(i.__atan$lsc) refers to ddiv.o(.text) for __aeabi_ddiv
    atan_x.o(i.__atan$lsc) refers to dmul.o(.text) for __aeabi_dmul
    atan_x.o(i.__atan$lsc) refers to poly.o(i.__kernel_poly) for __kernel_poly
    atan_x.o(i.__atan$lsc) refers to atan_x.o(.constdata) for .constdata
    atan_x.o(.constdata) refers (Special) to iusefp.o(.text) for __I$use$fp
    entry.o(.ARM.Collect$$$$00000000) refers (Special) to entry10a.o(.ARM.Collect$$$$0000000F) for __rt_final_cpp
    entry.o(.ARM.Collect$$$$00000000) refers (Special) to entry11a.o(.ARM.Collect$$$$00000011) for __rt_final_exit
    entry.o(.ARM.Collect$$$$00000000) refers (Special) to entry12b.o(.ARM.Collect$$$$0000000E) for __rt_lib_shutdown_fini
    entry.o(.ARM.Collect$$$$00000000) refers (Special) to entry7b.o(.ARM.Collect$$$$00000008) for _main_clock
    entry.o(.ARM.Collect$$$$00000000) refers (Special) to entry8b.o(.ARM.Collect$$$$0000000A) for _main_cpp_init
    entry.o(.ARM.Collect$$$$00000000) refers (Special) to entry9a.o(.ARM.Collect$$$$0000000B) for _main_init
    entry.o(.ARM.Collect$$$$00000000) refers (Special) to entry5.o(.ARM.Collect$$$$00000004) for _main_scatterload
    entry.o(.ARM.Collect$$$$00000000) refers (Special) to entry2.o(.ARM.Collect$$$$00000001) for _main_stk
    fadd.o(.text) refers (Special) to iusefp.o(.text) for __I$use$fp
    fadd.o(.text) refers to fepilogue.o(.text) for _float_epilogue
    fmul.o(.text) refers (Special) to iusefp.o(.text) for __I$use$fp
    fdiv.o(.text) refers (Special) to iusefp.o(.text) for __I$use$fp
    fdiv.o(.text) refers to fepilogue.o(.text) for _float_round
    dmul.o(.text) refers (Special) to iusefp.o(.text) for __I$use$fp
    dmul.o(.text) refers to depilogue.o(.text) for _double_epilogue
    ddiv.o(.text) refers (Special) to iusefp.o(.text) for __I$use$fp
    ddiv.o(.text) refers to depilogue.o(.text) for _double_round
    fflti.o(.text) refers (Special) to iusefp.o(.text) for __I$use$fp
    fflti.o(.text) refers to fepilogue.o(.text) for _float_epilogue
    ffltui.o(.text) refers (Special) to iusefp.o(.text) for __I$use$fp
    ffltui.o(.text) refers to fepilogue.o(.text) for _float_epilogue
    dfltui.o(.text) refers (Special) to iusefp.o(.text) for __I$use$fp
    dfltui.o(.text) refers to depilogue.o(.text) for _double_epilogue
    ffixi.o(.text) refers (Special) to iusefp.o(.text) for __I$use$fp
    f2d.o(.text) refers (Special) to iusefp.o(.text) for __I$use$fp
    cdrcmple.o(.text) refers (Special) to iusefp.o(.text) for __I$use$fp
    d2f.o(.text) refers (Special) to iusefp.o(.text) for __I$use$fp
    d2f.o(.text) refers to fepilogue.o(.text) for _float_round
    cfcmple.o(.text) refers (Special) to iusefp.o(.text) for __I$use$fp
    cfrcmple.o(.text) refers (Special) to iusefp.o(.text) for __I$use$fp
    dunder.o(i.__mathlib_dbl_divzero) refers to ddiv.o(.text) for __aeabi_ddiv
    dunder.o(i.__mathlib_dbl_infnan) refers to dscalb.o(.text) for __ARM_scalbn
    dunder.o(i.__mathlib_dbl_infnan2) refers to dadd.o(.text) for __aeabi_dadd
    dunder.o(i.__mathlib_dbl_invalid) refers to ddiv.o(.text) for __aeabi_ddiv
    dunder.o(i.__mathlib_dbl_overflow) refers to dscalb.o(.text) for __ARM_scalbn
    dunder.o(i.__mathlib_dbl_posinfnan) refers to dmul.o(.text) for __aeabi_dmul
    dunder.o(i.__mathlib_dbl_underflow) refers to dscalb.o(.text) for __ARM_scalbn
    fpclassify.o(i.__ARM_fpclassify) refers (Special) to iusefp.o(.text) for __I$use$fp
    poly.o(i.__kernel_poly) refers (Special) to iusefp.o(.text) for __I$use$fp
    poly.o(i.__kernel_poly) refers to dmul.o(.text) for __aeabi_dmul
    poly.o(i.__kernel_poly) refers to dadd.o(.text) for __aeabi_dadd
    sqrt.o(i.__softfp_sqrt) refers (Special) to iusefp.o(.text) for __I$use$fp
    sqrt.o(i.__softfp_sqrt) refers to dsqrt.o(.text) for _dsqrt
    sqrt.o(i.__softfp_sqrt) refers to errno.o(i.__set_errno) for __set_errno
    sqrt.o(i.sqrt) refers (Special) to iusefp.o(.text) for __I$use$fp
    sqrt.o(i.sqrt) refers to dsqrt.o(.text) for _dsqrt
    sqrt.o(i.sqrt) refers to errno.o(i.__set_errno) for __set_errno
    sqrt_x.o(i.____softfp_sqrt$lsc) refers (Special) to iusefp.o(.text) for __I$use$fp
    sqrt_x.o(i.____softfp_sqrt$lsc) refers to cdcmple.o(.text) for __aeabi_cdcmple
    sqrt_x.o(i.____softfp_sqrt$lsc) refers to errno.o(i.__set_errno) for __set_errno
    sqrt_x.o(i.____softfp_sqrt$lsc) refers to dsqrt.o(.text) for _dsqrt
    sqrt_x.o(i.__sqrt$lsc) refers (Special) to iusefp.o(.text) for __I$use$fp
    sqrt_x.o(i.__sqrt$lsc) refers to cdcmple.o(.text) for __aeabi_cdcmple
    sqrt_x.o(i.__sqrt$lsc) refers to errno.o(i.__set_errno) for __set_errno
    sqrt_x.o(i.__sqrt$lsc) refers to dsqrt.o(.text) for _dsqrt
    entry2.o(.ARM.Collect$$$$00000001) refers to entry2.o(.ARM.Collect$$$$00002712) for __lit__00000000
    entry2.o(.ARM.Collect$$$$00002712) refers to startup_stm32f10x_md.o(STACK) for __initial_sp
    entry2.o(__vectab_stack_and_reset_area) refers to startup_stm32f10x_md.o(STACK) for __initial_sp
    entry2.o(__vectab_stack_and_reset_area) refers to entry.o(.ARM.Collect$$$$00000000) for __main
    entry5.o(.ARM.Collect$$$$00000004) refers to init.o(.text) for __scatterload
    entry9a.o(.ARM.Collect$$$$0000000B) refers to main.o(i.main) for main
    entry9b.o(.ARM.Collect$$$$0000000C) refers to main.o(i.main) for main
    errno.o(i.__aeabi_errno_addr) refers to errno.o(.data) for .data
    errno.o(i.__read_errno) refers to errno.o(.data) for .data
    errno.o(i.__set_errno) refers to errno.o(.data) for .data
    depilogue.o(.text) refers to llshl.o(.text) for __aeabi_llsl
    depilogue.o(.text) refers to llushr.o(.text) for __aeabi_llsr
    dadd.o(.text) refers to llshl.o(.text) for __aeabi_llsl
    dadd.o(.text) refers to llsshr.o(.text) for __aeabi_lasr
    dadd.o(.text) refers to depilogue.o(.text) for _double_epilogue
    init.o(.text) refers to entry5.o(.ARM.Collect$$$$00000004) for __main_after_scatterload
    dsqrt.o(.text) refers to llushr.o(.text) for __aeabi_llsr
    dsqrt.o(.text) refers to depilogue.o(.text) for _double_round


==============================================================================

Removing Unused input sections from the image.

    Removing main.o(.rev16_text), (4 bytes).
    Removing main.o(.revsh_text), (4 bytes).
    Removing main.o(.rrx_text), (6 bytes).
    Removing mygpio.o(.rev16_text), (4 bytes).
    Removing mygpio.o(.revsh_text), (4 bytes).
    Removing mygpio.o(.rrx_text), (6 bytes).
    Removing mygpio.o(i.MyGPIO_Read), (12 bytes).
    Removing mygpio.o(i.MyGPIO_Toggle), (12 bytes).
    Removing mytimer.o(.rev16_text), (4 bytes).
    Removing mytimer.o(.revsh_text), (4 bytes).
    Removing mytimer.o(.rrx_text), (6 bytes).
    Removing mytimer.o(i.MyTimer_ActiveIT), (136 bytes).
    Removing mytimer.o(i.__NVIC_EnableIRQ), (34 bytes).
    Removing mytimer.o(i.__NVIC_SetPriority), (40 bytes).
    Removing myangles.o(.rev16_text), (4 bytes).
    Removing myangles.o(.revsh_text), (4 bytes).
    Removing myangles.o(.rrx_text), (6 bytes).
    Removing myangles.o(i.Calibration), (36 bytes).
    Removing antichavirement.o(.rev16_text), (4 bytes).
    Removing antichavirement.o(.revsh_text), (4 bytes).
    Removing antichavirement.o(.rrx_text), (6 bytes).
    Removing antichavirement.o(i.SPI_Disable), (20 bytes).
    Removing direction.o(.rev16_text), (4 bytes).
    Removing direction.o(.revsh_text), (4 bytes).
    Removing direction.o(.rrx_text), (6 bytes).
    Removing direction.o(i.configure_usart1_9600bps), (88 bytes).
    Removing plateau.o(.rev16_text), (4 bytes).
    Removing plateau.o(.revsh_text), (4 bytes).
    Removing plateau.o(.rrx_text), (6 bytes).
    Removing startup_stm32f10x_md.o(HEAP), (512 bytes).
    Removing system_stm32f10x.o(.rev16_text), (4 bytes).
    Removing system_stm32f10x.o(.revsh_text), (4 bytes).
    Removing system_stm32f10x.o(.rrx_text), (6 bytes).
    Removing system_stm32f10x.o(i.SystemCoreClockUpdate), (164 bytes).
    Removing system_stm32f10x.o(.data), (20 bytes).
    Removing cdcmple.o(.text), (48 bytes).

36 unused section(s) (total 1234 bytes) removed from the image.

==============================================================================

Image Symbol Table

    Local Symbols

    Symbol Name                              Value     Ov Type        Size  Object(Section)

    ../clib/../cmprslib/zerorunl2.c          0x00000000   Number         0  __dczerorl2.o ABSOLUTE
    ../clib/microlib/errno.c                 0x00000000   Number         0  errno.o ABSOLUTE
    ../clib/microlib/init/entry.s            0x00000000   Number         0  entry5.o ABSOLUTE
    ../clib/microlib/init/entry.s            0x00000000   Number         0  entry11b.o ABSOLUTE
    ../clib/microlib/init/entry.s            0x00000000   Number         0  entry9b.o ABSOLUTE
    ../clib/microlib/init/entry.s            0x00000000   Number         0  entry9a.o ABSOLUTE
    ../clib/microlib/init/entry.s            0x00000000   Number         0  entry8b.o ABSOLUTE
    ../clib/microlib/init/entry.s            0x00000000   Number         0  entry12a.o ABSOLUTE
    ../clib/microlib/init/entry.s            0x00000000   Number         0  entry12b.o ABSOLUTE
    ../clib/microlib/init/entry.s            0x00000000   Number         0  entry8a.o ABSOLUTE
    ../clib/microlib/init/entry.s            0x00000000   Number         0  entry7b.o ABSOLUTE
    ../clib/microlib/init/entry.s            0x00000000   Number         0  entry7a.o ABSOLUTE
    ../clib/microlib/init/entry.s            0x00000000   Number         0  entry2.o ABSOLUTE
    ../clib/microlib/init/entry.s            0x00000000   Number         0  entry10a.o ABSOLUTE
    ../clib/microlib/init/entry.s            0x00000000   Number         0  entry.o ABSOLUTE
    ../clib/microlib/init/entry.s            0x00000000   Number         0  entry11a.o ABSOLUTE
    ../clib/microlib/init/entry.s            0x00000000   Number         0  entry10b.o ABSOLUTE
    ../clib/microlib/longlong.c              0x00000000   Number         0  llshl.o ABSOLUTE
    ../clib/microlib/longlong.c              0x00000000   Number         0  llushr.o ABSOLUTE
    ../clib/microlib/longlong.c              0x00000000   Number         0  llsshr.o ABSOLUTE
    ../clib/microlib/stubs.s                 0x00000000   Number         0  iusefp.o ABSOLUTE
    ../fplib/microlib/d2f.c                  0x00000000   Number         0  d2f.o ABSOLUTE
    ../fplib/microlib/f2d.c                  0x00000000   Number         0  f2d.o ABSOLUTE
    ../fplib/microlib/fpadd.c                0x00000000   Number         0  dadd.o ABSOLUTE
    ../fplib/microlib/fpadd.c                0x00000000   Number         0  fadd.o ABSOLUTE
    ../fplib/microlib/fpdiv.c                0x00000000   Number         0  fdiv.o ABSOLUTE
    ../fplib/microlib/fpdiv.c                0x00000000   Number         0  ddiv.o ABSOLUTE
    ../fplib/microlib/fpepilogue.c           0x00000000   Number         0  fepilogue.o ABSOLUTE
    ../fplib/microlib/fpepilogue.c           0x00000000   Number         0  depilogue.o ABSOLUTE
    ../fplib/microlib/fpfix.c                0x00000000   Number         0  ffixi.o ABSOLUTE
    ../fplib/microlib/fpflt.c                0x00000000   Number         0  fflti.o ABSOLUTE
    ../fplib/microlib/fpflt.c                0x00000000   Number         0  ffltui.o ABSOLUTE
    ../fplib/microlib/fpflt.c                0x00000000   Number         0  dfltui.o ABSOLUTE
    ../fplib/microlib/fpmul.c                0x00000000   Number         0  fmul.o ABSOLUTE
    ../fplib/microlib/fpmul.c                0x00000000   Number         0  dmul.o ABSOLUTE
    ../fplib/microlib/fpscalb.c              0x00000000   Number         0  dscalb.o ABSOLUTE
    ../fplib/microlib/fpsqrt.c               0x00000000   Number         0  dsqrt.o ABSOLUTE
    ../mathlib/acos.c                        0x00000000   Number         0  acos_x.o ABSOLUTE
    ../mathlib/acos.c                        0x00000000   Number         0  acos.o ABSOLUTE
    ../mathlib/atan.c                        0x00000000   Number         0  atan_x.o ABSOLUTE
    ../mathlib/atan.c                        0x00000000   Number         0  atan.o ABSOLUTE
    ../mathlib/dunder.c                      0x00000000   Number         0  dunder.o ABSOLUTE
    ../mathlib/fpclassify.c                  0x00000000   Number         0  fpclassify.o ABSOLUTE
    ../mathlib/poly.c                        0x00000000   Number         0  poly.o ABSOLUTE
    ../mathlib/sqrt.c                        0x00000000   Number         0  sqrt.o ABSOLUTE
    ../mathlib/sqrt.c                        0x00000000   Number         0  sqrt_x.o ABSOLUTE
    RTE\Device\STM32F103RB\startup_stm32f10x_md.s 0x00000000   Number         0  startup_stm32f10x_md.o ABSOLUTE
    RTE\Device\STM32F103RB\system_stm32f10x.c 0x00000000   Number         0  system_stm32f10x.o ABSOLUTE
    RTE\\Device\\STM32F103RB\\system_stm32f10x.c 0x00000000   Number         0  system_stm32f10x.o ABSOLUTE
    Source\AntiChavirement.c                 0x00000000   Number         0  antichavirement.o ABSOLUTE
    Source\MyAngles.c                        0x00000000   Number         0  myangles.o ABSOLUTE
    Source\MyGPIO.c                          0x00000000   Number         0  mygpio.o ABSOLUTE
    Source\MyTimer.c                         0x00000000   Number         0  mytimer.o ABSOLUTE
    Source\\AntiChavirement.c                0x00000000   Number         0  antichavirement.o ABSOLUTE
    Source\\MyAngles.c                       0x00000000   Number         0  myangles.o ABSOLUTE
    Source\\MyGPIO.c                         0x00000000   Number         0  mygpio.o ABSOLUTE
    Source\\MyTimer.c                        0x00000000   Number         0  mytimer.o ABSOLUTE
    Source\\direction.c                      0x00000000   Number         0  direction.o ABSOLUTE
    Source\\main.c                           0x00000000   Number         0  main.o ABSOLUTE
    Source\\plateau.c                        0x00000000   Number         0  plateau.o ABSOLUTE
    Source\direction.c                       0x00000000   Number         0  direction.o ABSOLUTE
    Source\main.c                            0x00000000   Number         0  main.o ABSOLUTE
    Source\plateau.c                         0x00000000   Number         0  plateau.o ABSOLUTE
    cdcmple.s                                0x00000000   Number         0  cdcmple.o ABSOLUTE
    cdrcmple.s                               0x00000000   Number         0  cdrcmple.o ABSOLUTE
    cfcmple.s                                0x00000000   Number         0  cfcmple.o ABSOLUTE
    cfrcmple.s                               0x00000000   Number         0  cfrcmple.o ABSOLUTE
    dc.s                                     0x00000000   Number         0  dc.o ABSOLUTE
    handlers.s                               0x00000000   Number         0  handlers.o ABSOLUTE
    init.s                                   0x00000000   Number         0  init.o ABSOLUTE
    RESET                                    0x08000000   Section      236  startup_stm32f10x_md.o(RESET)
    .ARM.Collect$$$$00000000                 0x080000ec   Section        0  entry.o(.ARM.Collect$$$$00000000)
    .ARM.Collect$$$$00000001                 0x080000ec   Section        4  entry2.o(.ARM.Collect$$$$00000001)
    .ARM.Collect$$$$00000004                 0x080000f0   Section        4  entry5.o(.ARM.Collect$$$$00000004)
    .ARM.Collect$$$$00000008                 0x080000f4   Section        0  entry7b.o(.ARM.Collect$$$$00000008)
    .ARM.Collect$$$$0000000A                 0x080000f4   Section        0  entry8b.o(.ARM.Collect$$$$0000000A)
    .ARM.Collect$$$$0000000B                 0x080000f4   Section        8  entry9a.o(.ARM.Collect$$$$0000000B)
    .ARM.Collect$$$$0000000E                 0x080000fc   Section        4  entry12b.o(.ARM.Collect$$$$0000000E)
    .ARM.Collect$$$$0000000F                 0x08000100   Section        0  entry10a.o(.ARM.Collect$$$$0000000F)
    .ARM.Collect$$$$00000011                 0x08000100   Section        0  entry11a.o(.ARM.Collect$$$$00000011)
    .ARM.Collect$$$$00002712                 0x08000100   Section        4  entry2.o(.ARM.Collect$$$$00002712)
    __lit__00000000                          0x08000100   Data           4  entry2.o(.ARM.Collect$$$$00002712)
    .text                                    0x08000104   Section       36  startup_stm32f10x_md.o(.text)
    .text                                    0x08000128   Section        0  fadd.o(.text)
    .text                                    0x080001d8   Section        0  fmul.o(.text)
    .text                                    0x0800023c   Section        0  fdiv.o(.text)
    .text                                    0x080002b8   Section        0  dmul.o(.text)
    .text                                    0x0800039c   Section        0  ddiv.o(.text)
    .text                                    0x0800047a   Section        0  fflti.o(.text)
    .text                                    0x0800048c   Section        0  ffltui.o(.text)
    .text                                    0x08000496   Section        0  dfltui.o(.text)
    .text                                    0x080004b0   Section        0  ffixi.o(.text)
    .text                                    0x080004e2   Section        0  f2d.o(.text)
    .text                                    0x08000508   Section       48  cdrcmple.o(.text)
    .text                                    0x08000538   Section        0  d2f.o(.text)
    .text                                    0x08000570   Section       20  cfcmple.o(.text)
    .text                                    0x08000584   Section       20  cfrcmple.o(.text)
    .text                                    0x08000598   Section        0  fepilogue.o(.text)
    .text                                    0x08000598   Section        0  iusefp.o(.text)
    .text                                    0x08000606   Section        0  depilogue.o(.text)
    .text                                    0x080006c0   Section        0  dadd.o(.text)
    .text                                    0x0800080e   Section        0  dscalb.o(.text)
    .text                                    0x0800083c   Section       36  init.o(.text)
    .text                                    0x08000860   Section        0  llshl.o(.text)
    .text                                    0x0800087e   Section        0  llushr.o(.text)
    .text                                    0x0800089e   Section        0  llsshr.o(.text)
    .text                                    0x080008c2   Section        0  dsqrt.o(.text)
    .text                                    0x08000964   Section        0  __dczerorl2.o(.text)
    i.Active_IT_Zero                         0x080009bc   Section        0  myangles.o(i.Active_IT_Zero)
    i.CS_Disable                             0x08000a70   Section        0  antichavirement.o(i.CS_Disable)
    i.CS_Enable                              0x08000a84   Section        0  antichavirement.o(i.CS_Enable)
    i.Config_GPIOsigne                       0x08000a98   Section        0  plateau.o(i.Config_GPIOsigne)
    i.Configuration                          0x08000ab8   Section        0  myangles.o(i.Configuration)
    i.Delay_ms                               0x08000afc   Section        0  antichavirement.o(i.Delay_ms)
    i.Delay_us                               0x08000b14   Section        0  antichavirement.o(i.Delay_us)
    i.EXTI15_10_IRQHandler                   0x08000b3c   Section        0  myangles.o(i.EXTI15_10_IRQHandler)
    i.GPIO_Config                            0x08000b50   Section        0  antichavirement.o(i.GPIO_Config)
    i.GPIO_RX_Config                         0x08000bac   Section        0  direction.o(i.GPIO_RX_Config)
    i.GPIO_TX_Config                         0x08000bcc   Section        0  direction.o(i.GPIO_TX_Config)
    i.MyGPIO_Init                            0x08000bec   Section        0  mygpio.o(i.MyGPIO_Init)
    i.MyGPIO_Reset                           0x08000c94   Section        0  mygpio.o(i.MyGPIO_Reset)
    i.MyGPIO_Set                             0x08000ca0   Section        0  mygpio.o(i.MyGPIO_Set)
    i.MyTimer_Base_Init                      0x08000cac   Section        0  mytimer.o(i.MyTimer_Base_Init)
    i.MyTimer_PWM                            0x08000d1c   Section        0  mytimer.o(i.MyTimer_PWM)
    i.Plateau                                0x08001040   Section        0  plateau.o(i.Plateau)
    i.Remise_zero                            0x08001088   Section        0  main.o(i.Remise_zero)
    i.SPI_Config                             0x080010b0   Section        0  antichavirement.o(i.SPI_Config)
    i.SPI_Enable                             0x08001114   Section        0  antichavirement.o(i.SPI_Enable)
    i.SPI_Receive                            0x08001128   Section        0  antichavirement.o(i.SPI_Receive)
    i.SPI_Transmission                       0x08001160   Section        0  antichavirement.o(i.SPI_Transmission)
    i.SetSysClock                            0x080011b0   Section        0  system_stm32f10x.o(i.SetSysClock)
    SetSysClock                              0x080011b1   Thumb Code     8  system_stm32f10x.o(i.SetSysClock)
    i.SetSysClockTo72                        0x080011b8   Section        0  system_stm32f10x.o(i.SetSysClockTo72)
    SetSysClockTo72                          0x080011b9   Thumb Code   214  system_stm32f10x.o(i.SetSysClockTo72)
    i.SystemInit                             0x08001298   Section        0  system_stm32f10x.o(i.SystemInit)
    i.TIM1_UP_IRQHandler                     0x080012f8   Section        0  mytimer.o(i.TIM1_UP_IRQHandler)
    i.TIM2_IRQHandler                        0x0800130c   Section        0  mytimer.o(i.TIM2_IRQHandler)
    i.TIM3_IRQHandler                        0x08001320   Section        0  mytimer.o(i.TIM3_IRQHandler)
    i.TIM4_IRQHandler                        0x08001334   Section        0  mytimer.o(i.TIM4_IRQHandler)
    i.__ARM_fpclassify                       0x08001348   Section        0  fpclassify.o(i.__ARM_fpclassify)
    i.__kernel_poly                          0x08001370   Section        0  poly.o(i.__kernel_poly)
    i.__mathlib_dbl_infnan                   0x0800141a   Section        0  dunder.o(i.__mathlib_dbl_infnan)
    i.__mathlib_dbl_invalid                  0x08001420   Section        0  dunder.o(i.__mathlib_dbl_invalid)
    i.__mathlib_dbl_underflow                0x0800142c   Section        0  dunder.o(i.__mathlib_dbl_underflow)
    i.__scatterload_copy                     0x0800143c   Section       14  handlers.o(i.__scatterload_copy)
    i.__scatterload_null                     0x0800144a   Section        2  handlers.o(i.__scatterload_null)
    i.__scatterload_zeroinit                 0x0800144c   Section       14  handlers.o(i.__scatterload_zeroinit)
    i.__set_errno                            0x0800145c   Section        0  errno.o(i.__set_errno)
    i.acos                                   0x08001468   Section        0  acos.o(i.acos)
    i.adxl345_init                           0x080016e4   Section        0  antichavirement.o(i.adxl345_init)
    i.adxl345_read                           0x08001700   Section        0  antichavirement.o(i.adxl345_read)
    i.adxl345_write                          0x08001732   Section        0  antichavirement.o(i.adxl345_write)
    i.alerte                                 0x08001758   Section        0  direction.o(i.alerte)
    i.atan                                   0x08001774   Section        0  atan.o(i.atan)
    i.change_ratio                           0x08001994   Section        0  mytimer.o(i.change_ratio)
    i.configuration_usart3_9600_receive      0x08001a04   Section        0  direction.o(i.configuration_usart3_9600_receive)
    i.configure_usart3_9600bps               0x08001a38   Section        0  direction.o(i.configure_usart3_9600bps)
    i.infos_angle                            0x08001a90   Section        0  myangles.o(i.infos_angle)
    i.input_capture_mode                     0x08001e98   Section        0  mytimer.o(i.input_capture_mode)
    i.main                                   0x08001f88   Section        0  main.o(i.main)
    i.ratio_moteur                           0x08002258   Section        0  myangles.o(i.ratio_moteur)
    i.receive                                0x080022d4   Section        0  direction.o(i.receive)
    i.send                                   0x080022f0   Section        0  direction.o(i.send)
    i.sqrt                                   0x08002316   Section        0  sqrt.o(i.sqrt)
    .constdata                               0x08002364   Section       32  antichavirement.o(.constdata)
    .constdata                               0x08002388   Section       80  acos.o(.constdata)
    pS                                       0x08002388   Data          48  acos.o(.constdata)
    qS                                       0x080023b8   Data          32  acos.o(.constdata)
    .constdata                               0x080023d8   Section      152  atan.o(.constdata)
    atanhi                                   0x080023d8   Data          32  atan.o(.constdata)
    atanlo                                   0x080023f8   Data          32  atan.o(.constdata)
    aTodd                                    0x08002418   Data          40  atan.o(.constdata)
    aTeven                                   0x08002440   Data          48  atan.o(.constdata)
    .data                                    0x20000000   Section      132  main.o(.data)
    .data                                    0x20000084   Section        4  mytimer.o(.data)
    .data                                    0x20000088   Section      772  myangles.o(.data)
    .data                                    0x2000038c   Section        4  errno.o(.data)
    _errno                                   0x2000038c   Data           4  errno.o(.data)
    STACK                                    0x20000390   Section     1024  startup_stm32f10x_md.o(STACK)

    Global Symbols

    Symbol Name                              Value     Ov Type        Size  Object(Section)

    BuildAttributes$$THM_ISAv4$P$D$K$B$S$PE$A:L22UL41UL21$X:L11$S22US41US21$IEEE1$IW$USESV6$~STKCKD$USESV7$~SHL$OTIME$ROPI$IEEEX$EBA8$MICROLIB$REQ8$PRES8$EABIv2 0x00000000   Number         0  anon$$obj.o ABSOLUTE
    __ARM_use_no_argv                        0x00000000   Number         0  main.o ABSOLUTE
    __arm_fini_                               - Undefined Weak Reference
    __cpp_initialize__aeabi_                  - Undefined Weak Reference
    __cxa_finalize                            - Undefined Weak Reference
    _clock_init                               - Undefined Weak Reference
    _microlib_exit                            - Undefined Weak Reference
    __Vectors_Size                           0x000000ec   Number         0  startup_stm32f10x_md.o ABSOLUTE
    __Vectors                                0x08000000   Data           4  startup_stm32f10x_md.o(RESET)
    __Vectors_End                            0x080000ec   Data           0  startup_stm32f10x_md.o(RESET)
    __main                                   0x080000ed   Thumb Code     0  entry.o(.ARM.Collect$$$$00000000)
    _main_stk                                0x080000ed   Thumb Code     0  entry2.o(.ARM.Collect$$$$00000001)
    _main_scatterload                        0x080000f1   Thumb Code     0  entry5.o(.ARM.Collect$$$$00000004)
    __main_after_scatterload                 0x080000f5   Thumb Code     0  entry5.o(.ARM.Collect$$$$00000004)
    _main_clock                              0x080000f5   Thumb Code     0  entry7b.o(.ARM.Collect$$$$00000008)
    _main_cpp_init                           0x080000f5   Thumb Code     0  entry8b.o(.ARM.Collect$$$$0000000A)
    _main_init                               0x080000f5   Thumb Code     0  entry9a.o(.ARM.Collect$$$$0000000B)
    __rt_lib_shutdown_fini                   0x080000fd   Thumb Code     0  entry12b.o(.ARM.Collect$$$$0000000E)
    __rt_final_cpp                           0x08000101   Thumb Code     0  entry10a.o(.ARM.Collect$$$$0000000F)
    __rt_final_exit                          0x08000101   Thumb Code     0  entry11a.o(.ARM.Collect$$$$00000011)
    Reset_Handler                            0x08000105   Thumb Code     8  startup_stm32f10x_md.o(.text)
    NMI_Handler                              0x0800010d   Thumb Code     2  startup_stm32f10x_md.o(.text)
    HardFault_Handler                        0x0800010f   Thumb Code     2  startup_stm32f10x_md.o(.text)
    MemManage_Handler                        0x08000111   Thumb Code     2  startup_stm32f10x_md.o(.text)
    BusFault_Handler                         0x08000113   Thumb Code     2  startup_stm32f10x_md.o(.text)
    UsageFault_Handler                       0x08000115   Thumb Code     2  startup_stm32f10x_md.o(.text)
    SVC_Handler                              0x08000117   Thumb Code     2  startup_stm32f10x_md.o(.text)
    DebugMon_Handler                         0x08000119   Thumb Code     2  startup_stm32f10x_md.o(.text)
    PendSV_Handler                           0x0800011b   Thumb Code     2  startup_stm32f10x_md.o(.text)
    SysTick_Handler                          0x0800011d   Thumb Code     2  startup_stm32f10x_md.o(.text)
    ADC1_2_IRQHandler                        0x0800011f   Thumb Code     0  startup_stm32f10x_md.o(.text)
    CAN1_RX1_IRQHandler                      0x0800011f   Thumb Code     0  startup_stm32f10x_md.o(.text)
    CAN1_SCE_IRQHandler                      0x0800011f   Thumb Code     0  startup_stm32f10x_md.o(.text)
    DMA1_Channel1_IRQHandler                 0x0800011f   Thumb Code     0  startup_stm32f10x_md.o(.text)
    DMA1_Channel2_IRQHandler                 0x0800011f   Thumb Code     0  startup_stm32f10x_md.o(.text)
    DMA1_Channel3_IRQHandler                 0x0800011f   Thumb Code     0  startup_stm32f10x_md.o(.text)
    DMA1_Channel4_IRQHandler                 0x0800011f   Thumb Code     0  startup_stm32f10x_md.o(.text)
    DMA1_Channel5_IRQHandler                 0x0800011f   Thumb Code     0  startup_stm32f10x_md.o(.text)
    DMA1_Channel6_IRQHandler                 0x0800011f   Thumb Code     0  startup_stm32f10x_md.o(.text)
    DMA1_Channel7_IRQHandler                 0x0800011f   Thumb Code     0  startup_stm32f10x_md.o(.text)
    EXTI0_IRQHandler                         0x0800011f   Thumb Code     0  startup_stm32f10x_md.o(.text)
    EXTI1_IRQHandler                         0x0800011f   Thumb Code     0  startup_stm32f10x_md.o(.text)
    EXTI2_IRQHandler                         0x0800011f   Thumb Code     0  startup_stm32f10x_md.o(.text)
    EXTI3_IRQHandler                         0x0800011f   Thumb Code     0  startup_stm32f10x_md.o(.text)
    EXTI4_IRQHandler                         0x0800011f   Thumb Code     0  startup_stm32f10x_md.o(.text)
    EXTI9_5_IRQHandler                       0x0800011f   Thumb Code     0  startup_stm32f10x_md.o(.text)
    FLASH_IRQHandler                         0x0800011f   Thumb Code     0  startup_stm32f10x_md.o(.text)
    I2C1_ER_IRQHandler                       0x0800011f   Thumb Code     0  startup_stm32f10x_md.o(.text)
    I2C1_EV_IRQHandler                       0x0800011f   Thumb Code     0  startup_stm32f10x_md.o(.text)
    I2C2_ER_IRQHandler                       0x0800011f   Thumb Code     0  startup_stm32f10x_md.o(.text)
    I2C2_EV_IRQHandler                       0x0800011f   Thumb Code     0  startup_stm32f10x_md.o(.text)
    PVD_IRQHandler                           0x0800011f   Thumb Code     0  startup_stm32f10x_md.o(.text)
    RCC_IRQHandler                           0x0800011f   Thumb Code     0  startup_stm32f10x_md.o(.text)
    RTCAlarm_IRQHandler                      0x0800011f   Thumb Code     0  startup_stm32f10x_md.o(.text)
    RTC_IRQHandler                           0x0800011f   Thumb Code     0  startup_stm32f10x_md.o(.text)
    SPI1_IRQHandler                          0x0800011f   Thumb Code     0  startup_stm32f10x_md.o(.text)
    SPI2_IRQHandler                          0x0800011f   Thumb Code     0  startup_stm32f10x_md.o(.text)
    TAMPER_IRQHandler                        0x0800011f   Thumb Code     0  startup_stm32f10x_md.o(.text)
    TIM1_BRK_IRQHandler                      0x0800011f   Thumb Code     0  startup_stm32f10x_md.o(.text)
    TIM1_CC_IRQHandler                       0x0800011f   Thumb Code     0  startup_stm32f10x_md.o(.text)
    TIM1_TRG_COM_IRQHandler                  0x0800011f   Thumb Code     0  startup_stm32f10x_md.o(.text)
    USART1_IRQHandler                        0x0800011f   Thumb Code     0  startup_stm32f10x_md.o(.text)
    USART2_IRQHandler                        0x0800011f   Thumb Code     0  startup_stm32f10x_md.o(.text)
    USART3_IRQHandler                        0x0800011f   Thumb Code     0  startup_stm32f10x_md.o(.text)
    USBWakeUp_IRQHandler                     0x0800011f   Thumb Code     0  startup_stm32f10x_md.o(.text)
    USB_HP_CAN1_TX_IRQHandler                0x0800011f   Thumb Code     0  startup_stm32f10x_md.o(.text)
    USB_LP_CAN1_RX0_IRQHandler               0x0800011f   Thumb Code     0  startup_stm32f10x_md.o(.text)
    WWDG_IRQHandler                          0x0800011f   Thumb Code     0  startup_stm32f10x_md.o(.text)
    __aeabi_fadd                             0x08000129   Thumb Code   164  fadd.o(.text)
    __aeabi_fsub                             0x080001cd   Thumb Code     6  fadd.o(.text)
    __aeabi_frsub                            0x080001d3   Thumb Code     6  fadd.o(.text)
    __aeabi_fmul                             0x080001d9   Thumb Code   100  fmul.o(.text)
    __aeabi_fdiv                             0x0800023d   Thumb Code   124  fdiv.o(.text)
    __aeabi_dmul                             0x080002b9   Thumb Code   228  dmul.o(.text)
    __aeabi_ddiv                             0x0800039d   Thumb Code   222  ddiv.o(.text)
    __aeabi_i2f                              0x0800047b   Thumb Code    18  fflti.o(.text)
    __aeabi_ui2f                             0x0800048d   Thumb Code    10  ffltui.o(.text)
    __aeabi_ui2d                             0x08000497   Thumb Code    26  dfltui.o(.text)
    __aeabi_f2iz                             0x080004b1   Thumb Code    50  ffixi.o(.text)
    __aeabi_f2d                              0x080004e3   Thumb Code    38  f2d.o(.text)
    __aeabi_cdrcmple                         0x08000509   Thumb Code    48  cdrcmple.o(.text)
    __aeabi_d2f                              0x08000539   Thumb Code    56  d2f.o(.text)
    __aeabi_cfcmpeq                          0x08000571   Thumb Code     0  cfcmple.o(.text)
    __aeabi_cfcmple                          0x08000571   Thumb Code    20  cfcmple.o(.text)
    __aeabi_cfrcmple                         0x08000585   Thumb Code    20  cfrcmple.o(.text)
    __I$use$fp                               0x08000599   Thumb Code     0  iusefp.o(.text)
    _float_round                             0x08000599   Thumb Code    18  fepilogue.o(.text)
    _float_epilogue                          0x080005ab   Thumb Code    92  fepilogue.o(.text)
    _double_round                            0x08000607   Thumb Code    30  depilogue.o(.text)
    _double_epilogue                         0x08000625   Thumb Code   156  depilogue.o(.text)
    __aeabi_dadd                             0x080006c1   Thumb Code   322  dadd.o(.text)
    __aeabi_dsub                             0x08000803   Thumb Code     6  dadd.o(.text)
    __aeabi_drsub                            0x08000809   Thumb Code     6  dadd.o(.text)
    __ARM_scalbn                             0x0800080f   Thumb Code    46  dscalb.o(.text)
    scalbn                                   0x0800080f   Thumb Code     0  dscalb.o(.text)
    __scatterload                            0x0800083d   Thumb Code    28  init.o(.text)
    __scatterload_rt2                        0x0800083d   Thumb Code     0  init.o(.text)
    __aeabi_llsl                             0x08000861   Thumb Code    30  llshl.o(.text)
    _ll_shift_l                              0x08000861   Thumb Code     0  llshl.o(.text)
    __aeabi_llsr                             0x0800087f   Thumb Code    32  llushr.o(.text)
    _ll_ushift_r                             0x0800087f   Thumb Code     0  llushr.o(.text)
    __aeabi_lasr                             0x0800089f   Thumb Code    36  llsshr.o(.text)
    _ll_sshift_r                             0x0800089f   Thumb Code     0  llsshr.o(.text)
    _dsqrt                                   0x080008c3   Thumb Code   162  dsqrt.o(.text)
    __decompress                             0x08000965   Thumb Code     0  __dczerorl2.o(.text)
    __decompress1                            0x08000965   Thumb Code    86  __dczerorl2.o(.text)
    Active_IT_Zero                           0x080009bd   Thumb Code   150  myangles.o(i.Active_IT_Zero)
    CS_Disable                               0x08000a71   Thumb Code    14  antichavirement.o(i.CS_Disable)
    CS_Enable                                0x08000a85   Thumb Code    14  antichavirement.o(i.CS_Enable)
    Config_GPIOsigne                         0x08000a99   Thumb Code    26  plateau.o(i.Config_GPIOsigne)
    Configuration                            0x08000ab9   Thumb Code    62  myangles.o(i.Configuration)
    Delay_ms                                 0x08000afd   Thumb Code    24  antichavirement.o(i.Delay_ms)
    Delay_us                                 0x08000b15   Thumb Code    34  antichavirement.o(i.Delay_us)
    EXTI15_10_IRQHandler                     0x08000b3d   Thumb Code    16  myangles.o(i.EXTI15_10_IRQHandler)
    GPIO_Config                              0x08000b51   Thumb Code    82  antichavirement.o(i.GPIO_Config)
    GPIO_RX_Config                           0x08000bad   Thumb Code    26  direction.o(i.GPIO_RX_Config)
    GPIO_TX_Config                           0x08000bcd   Thumb Code    26  direction.o(i.GPIO_TX_Config)
    MyGPIO_Init                              0x08000bed   Thumb Code   150  mygpio.o(i.MyGPIO_Init)
    MyGPIO_Reset                             0x08000c95   Thumb Code    12  mygpio.o(i.MyGPIO_Reset)
    MyGPIO_Set                               0x08000ca1   Thumb Code    12  mygpio.o(i.MyGPIO_Set)
    MyTimer_Base_Init                        0x08000cad   Thumb Code    94  mytimer.o(i.MyTimer_Base_Init)
    MyTimer_PWM                              0x08000d1d   Thumb Code   782  mytimer.o(i.MyTimer_PWM)
    Plateau                                  0x08001041   Thumb Code    64  plateau.o(i.Plateau)
    Remise_zero                              0x08001089   Thumb Code    30  main.o(i.Remise_zero)
    SPI_Config                               0x080010b1   Thumb Code    90  antichavirement.o(i.SPI_Config)
    SPI_Enable                               0x08001115   Thumb Code    14  antichavirement.o(i.SPI_Enable)
    SPI_Receive                              0x08001129   Thumb Code    50  antichavirement.o(i.SPI_Receive)
    SPI_Transmission                         0x08001161   Thumb Code    76  antichavirement.o(i.SPI_Transmission)
    SystemInit                               0x08001299   Thumb Code    78  system_stm32f10x.o(i.SystemInit)
    TIM1_UP_IRQHandler                       0x080012f9   Thumb Code    16  mytimer.o(i.TIM1_UP_IRQHandler)
    TIM2_IRQHandler                          0x0800130d   Thumb Code    16  mytimer.o(i.TIM2_IRQHandler)
    TIM3_IRQHandler                          0x08001321   Thumb Code    16  mytimer.o(i.TIM3_IRQHandler)
    TIM4_IRQHandler                          0x08001335   Thumb Code    16  mytimer.o(i.TIM4_IRQHandler)
    __ARM_fpclassify                         0x08001349   Thumb Code    40  fpclassify.o(i.__ARM_fpclassify)
    __kernel_poly                            0x08001371   Thumb Code   170  poly.o(i.__kernel_poly)
    __mathlib_dbl_infnan                     0x0800141b   Thumb Code     6  dunder.o(i.__mathlib_dbl_infnan)
    __mathlib_dbl_invalid                    0x08001421   Thumb Code    12  dunder.o(i.__mathlib_dbl_invalid)
    __mathlib_dbl_underflow                  0x0800142d   Thumb Code    10  dunder.o(i.__mathlib_dbl_underflow)
    __scatterload_copy                       0x0800143d   Thumb Code    14  handlers.o(i.__scatterload_copy)
    __scatterload_null                       0x0800144b   Thumb Code     2  handlers.o(i.__scatterload_null)
    __scatterload_zeroinit                   0x0800144d   Thumb Code    14  handlers.o(i.__scatterload_zeroinit)
    __set_errno                              0x0800145d   Thumb Code     6  errno.o(i.__set_errno)
    acos                                     0x08001469   Thumb Code   574  acos.o(i.acos)
    adxl345_init                             0x080016e5   Thumb Code    28  antichavirement.o(i.adxl345_init)
    adxl345_read                             0x08001701   Thumb Code    50  antichavirement.o(i.adxl345_read)
    adxl345_write                            0x08001733   Thumb Code    36  antichavirement.o(i.adxl345_write)
    alerte                                   0x08001759   Thumb Code    22  direction.o(i.alerte)
    atan                                     0x08001775   Thumb Code   474  atan.o(i.atan)
    change_ratio                             0x08001995   Thumb Code   110  mytimer.o(i.change_ratio)
    configuration_usart3_9600_receive        0x08001a05   Thumb Code    48  direction.o(i.configuration_usart3_9600_receive)
    configure_usart3_9600bps                 0x08001a39   Thumb Code    78  direction.o(i.configure_usart3_9600bps)
    infos_angle                              0x08001a91   Thumb Code   950  myangles.o(i.infos_angle)
    input_capture_mode                       0x08001e99   Thumb Code   220  mytimer.o(i.input_capture_mode)
    main                                     0x08001f89   Thumb Code   632  main.o(i.main)
    ratio_moteur                             0x08002259   Thumb Code   108  myangles.o(i.ratio_moteur)
    receive                                  0x080022d5   Thumb Code    22  direction.o(i.receive)
    send                                     0x080022f1   Thumb Code    38  direction.o(i.send)
    sqrt                                     0x08002317   Thumb Code    76  sqrt.o(i.sqrt)
    Region$$Table$$Base                      0x08002470   Number         0  anon$$obj.o(Region$$Table)
    Region$$Table$$Limit                     0x08002490   Number         0  anon$$obj.o(Region$$Table)
    RxData                                   0x20000000   Data           6  main.o(.data)
    x                                        0x20000006   Data           2  main.o(.data)
    y                                        0x20000008   Data           2  main.o(.data)
    z                                        0x2000000a   Data           2  main.o(.data)
    x_acc                                    0x2000000c   Data           4  main.o(.data)
    y_acc                                    0x20000010   Data           4  main.o(.data)
    z_acc                                    0x20000014   Data           4  main.o(.data)
    dataoff                                  0x20000018   Data           1  main.o(.data)
    ratio                                    0x2000001c   Data           4  main.o(.data)
    result                                   0x20000020   Data           4  main.o(.data)
    data_chavirement                         0x20000024   Data          96  main.o(.data)
    pFnc                                     0x20000084   Data           4  mytimer.o(.data)
    pFncext                                  0x20000088   Data           4  myangles.o(.data)
    data_allure_vent_debout                  0x2000008c   Data          96  myangles.o(.data)
    data_allure_au_pres                      0x200000ec   Data          96  myangles.o(.data)
    data_allure_bon_plein                    0x2000014c   Data          96  myangles.o(.data)
    data_allure_petit_largue                 0x200001ac   Data          96  myangles.o(.data)
    data_allure_travers                      0x2000020c   Data          96  myangles.o(.data)
    data_allure_largue                       0x2000026c   Data          96  myangles.o(.data)
    data_allure_grand_largue                 0x200002cc   Data          96  myangles.o(.data)
    data_allure_vent_arriere                 0x2000032c   Data          96  myangles.o(.data)
    __initial_sp                             0x20000790   Data           0  startup_stm32f10x_md.o(STACK)



==============================================================================

Memory Map of the image

  Image Entry point : 0x08000105

  Load Region LR_1 (Base: 0x08000000, Size: 0x00002820, Max: 0xffffffff, ABSOLUTE, COMPRESSED[0x0000253c])

    Execution Region ER_RO (Exec base: 0x08000000, Load base: 0x08000000, Size: 0x00002490, Max: 0xffffffff, ABSOLUTE)

    Exec Addr    Load Addr    Size         Type   Attr      Idx    E Section Name        Object

    0x08000000   0x08000000   0x000000ec   Data   RO          485    RESET               startup_stm32f10x_md.o
    0x080000ec   0x080000ec   0x00000000   Code   RO          556  * .ARM.Collect$$$$00000000  mc_w.l(entry.o)
    0x080000ec   0x080000ec   0x00000004   Code   RO          613    .ARM.Collect$$$$00000001  mc_w.l(entry2.o)
    0x080000f0   0x080000f0   0x00000004   Code   RO          616    .ARM.Collect$$$$00000004  mc_w.l(entry5.o)
    0x080000f4   0x080000f4   0x00000000   Code   RO          618    .ARM.Collect$$$$00000008  mc_w.l(entry7b.o)
    0x080000f4   0x080000f4   0x00000000   Code   RO          620    .ARM.Collect$$$$0000000A  mc_w.l(entry8b.o)
    0x080000f4   0x080000f4   0x00000008   Code   RO          621    .ARM.Collect$$$$0000000B  mc_w.l(entry9a.o)
    0x080000fc   0x080000fc   0x00000004   Code   RO          628    .ARM.Collect$$$$0000000E  mc_w.l(entry12b.o)
    0x08000100   0x08000100   0x00000000   Code   RO          623    .ARM.Collect$$$$0000000F  mc_w.l(entry10a.o)
    0x08000100   0x08000100   0x00000000   Code   RO          625    .ARM.Collect$$$$00000011  mc_w.l(entry11a.o)
    0x08000100   0x08000100   0x00000004   Code   RO          614    .ARM.Collect$$$$00002712  mc_w.l(entry2.o)
    0x08000104   0x08000104   0x00000024   Code   RO          486  * .text               startup_stm32f10x_md.o
    0x08000128   0x08000128   0x000000b0   Code   RO          559    .text               mf_w.l(fadd.o)
    0x080001d8   0x080001d8   0x00000064   Code   RO          561    .text               mf_w.l(fmul.o)
    0x0800023c   0x0800023c   0x0000007c   Code   RO          563    .text               mf_w.l(fdiv.o)
    0x080002b8   0x080002b8   0x000000e4   Code   RO          565    .text               mf_w.l(dmul.o)
    0x0800039c   0x0800039c   0x000000de   Code   RO          567    .text               mf_w.l(ddiv.o)
    0x0800047a   0x0800047a   0x00000012   Code   RO          569    .text               mf_w.l(fflti.o)
    0x0800048c   0x0800048c   0x0000000a   Code   RO          571    .text               mf_w.l(ffltui.o)
    0x08000496   0x08000496   0x0000001a   Code   RO          573    .text               mf_w.l(dfltui.o)
    0x080004b0   0x080004b0   0x00000032   Code   RO          575    .text               mf_w.l(ffixi.o)
    0x080004e2   0x080004e2   0x00000026   Code   RO          577    .text               mf_w.l(f2d.o)
    0x08000508   0x08000508   0x00000030   Code   RO          579    .text               mf_w.l(cdrcmple.o)
    0x08000538   0x08000538   0x00000038   Code   RO          581    .text               mf_w.l(d2f.o)
    0x08000570   0x08000570   0x00000014   Code   RO          583    .text               mf_w.l(cfcmple.o)
    0x08000584   0x08000584   0x00000014   Code   RO          585    .text               mf_w.l(cfrcmple.o)
    0x08000598   0x08000598   0x00000000   Code   RO          636    .text               mc_w.l(iusefp.o)
    0x08000598   0x08000598   0x0000006e   Code   RO          637    .text               mf_w.l(fepilogue.o)
    0x08000606   0x08000606   0x000000ba   Code   RO          639    .text               mf_w.l(depilogue.o)
    0x080006c0   0x080006c0   0x0000014e   Code   RO          641    .text               mf_w.l(dadd.o)
    0x0800080e   0x0800080e   0x0000002e   Code   RO          643    .text               mf_w.l(dscalb.o)
    0x0800083c   0x0800083c   0x00000024   Code   RO          645    .text               mc_w.l(init.o)
    0x08000860   0x08000860   0x0000001e   Code   RO          647    .text               mc_w.l(llshl.o)
    0x0800087e   0x0800087e   0x00000020   Code   RO          649    .text               mc_w.l(llushr.o)
    0x0800089e   0x0800089e   0x00000024   Code   RO          651    .text               mc_w.l(llsshr.o)
    0x080008c2   0x080008c2   0x000000a2   Code   RO          653    .text               mf_w.l(dsqrt.o)
    0x08000964   0x08000964   0x00000056   Code   RO          665    .text               mc_w.l(__dczerorl2.o)
    0x080009ba   0x080009ba   0x00000002   PAD
    0x080009bc   0x080009bc   0x000000b4   Code   RO          228    i.Active_IT_Zero    myangles.o
    0x08000a70   0x08000a70   0x00000014   Code   RO          289    i.CS_Disable        antichavirement.o
    0x08000a84   0x08000a84   0x00000014   Code   RO          290    i.CS_Enable         antichavirement.o
    0x08000a98   0x08000a98   0x00000020   Code   RO          456    i.Config_GPIOsigne  plateau.o
    0x08000ab8   0x08000ab8   0x00000044   Code   RO          230    i.Configuration     myangles.o
    0x08000afc   0x08000afc   0x00000018   Code   RO          291    i.Delay_ms          antichavirement.o
    0x08000b14   0x08000b14   0x00000028   Code   RO          292    i.Delay_us          antichavirement.o
    0x08000b3c   0x08000b3c   0x00000014   Code   RO          231    i.EXTI15_10_IRQHandler  myangles.o
    0x08000b50   0x08000b50   0x0000005c   Code   RO          293    i.GPIO_Config       antichavirement.o
    0x08000bac   0x08000bac   0x00000020   Code   RO          390    i.GPIO_RX_Config    direction.o
    0x08000bcc   0x08000bcc   0x00000020   Code   RO          391    i.GPIO_TX_Config    direction.o
    0x08000bec   0x08000bec   0x000000a8   Code   RO           91    i.MyGPIO_Init       mygpio.o
    0x08000c94   0x08000c94   0x0000000c   Code   RO           93    i.MyGPIO_Reset      mygpio.o
    0x08000ca0   0x08000ca0   0x0000000c   Code   RO           94    i.MyGPIO_Set        mygpio.o
    0x08000cac   0x08000cac   0x00000070   Code   RO          140    i.MyTimer_Base_Init  mytimer.o
    0x08000d1c   0x08000d1c   0x00000324   Code   RO          141    i.MyTimer_PWM       mytimer.o
    0x08001040   0x08001040   0x00000048   Code   RO          457    i.Plateau           plateau.o
    0x08001088   0x08001088   0x00000028   Code   RO            4    i.Remise_zero       main.o
    0x080010b0   0x080010b0   0x00000064   Code   RO          294    i.SPI_Config        antichavirement.o
    0x08001114   0x08001114   0x00000014   Code   RO          296    i.SPI_Enable        antichavirement.o
    0x08001128   0x08001128   0x00000038   Code   RO          297    i.SPI_Receive       antichavirement.o
    0x08001160   0x08001160   0x00000050   Code   RO          298    i.SPI_Transmission  antichavirement.o
    0x080011b0   0x080011b0   0x00000008   Code   RO          493    i.SetSysClock       system_stm32f10x.o
    0x080011b8   0x080011b8   0x000000e0   Code   RO          494    i.SetSysClockTo72   system_stm32f10x.o
    0x08001298   0x08001298   0x00000060   Code   RO          496    i.SystemInit        system_stm32f10x.o
    0x080012f8   0x080012f8   0x00000014   Code   RO          142    i.TIM1_UP_IRQHandler  mytimer.o
    0x0800130c   0x0800130c   0x00000014   Code   RO          143    i.TIM2_IRQHandler   mytimer.o
    0x08001320   0x08001320   0x00000014   Code   RO          144    i.TIM3_IRQHandler   mytimer.o
    0x08001334   0x08001334   0x00000014   Code   RO          145    i.TIM4_IRQHandler   mytimer.o
    0x08001348   0x08001348   0x00000028   Code   RO          601    i.__ARM_fpclassify  m_ws.l(fpclassify.o)
    0x08001370   0x08001370   0x000000aa   Code   RO          603    i.__kernel_poly     m_ws.l(poly.o)
    0x0800141a   0x0800141a   0x00000006   Code   RO          588    i.__mathlib_dbl_infnan  m_ws.l(dunder.o)
    0x08001420   0x08001420   0x0000000c   Code   RO          590    i.__mathlib_dbl_invalid  m_ws.l(dunder.o)
    0x0800142c   0x0800142c   0x00000010   Code   RO          593    i.__mathlib_dbl_underflow  m_ws.l(dunder.o)
    0x0800143c   0x0800143c   0x0000000e   Code   RO          659    i.__scatterload_copy  mc_w.l(handlers.o)
    0x0800144a   0x0800144a   0x00000002   Code   RO          660    i.__scatterload_null  mc_w.l(handlers.o)
    0x0800144c   0x0800144c   0x0000000e   Code   RO          661    i.__scatterload_zeroinit  mc_w.l(handlers.o)
    0x0800145a   0x0800145a   0x00000002   PAD
    0x0800145c   0x0800145c   0x0000000c   Code   RO          631    i.__set_errno       mc_w.l(errno.o)
    0x08001468   0x08001468   0x0000027c   Code   RO          537    i.acos              m_ws.l(acos.o)
    0x080016e4   0x080016e4   0x0000001c   Code   RO          299    i.adxl345_init      antichavirement.o
    0x08001700   0x08001700   0x00000032   Code   RO          300    i.adxl345_read      antichavirement.o
    0x08001732   0x08001732   0x00000024   Code   RO          301    i.adxl345_write     antichavirement.o
    0x08001756   0x08001756   0x00000002   PAD
    0x08001758   0x08001758   0x0000001c   Code   RO          392    i.alerte            direction.o
    0x08001774   0x08001774   0x00000220   Code   RO          547    i.atan              m_ws.l(atan.o)
    0x08001994   0x08001994   0x0000006e   Code   RO          148    i.change_ratio      mytimer.o
    0x08001a02   0x08001a02   0x00000002   PAD
    0x08001a04   0x08001a04   0x00000034   Code   RO          393    i.configuration_usart3_9600_receive  direction.o
    0x08001a38   0x08001a38   0x00000058   Code   RO          395    i.configure_usart3_9600bps  direction.o
    0x08001a90   0x08001a90   0x00000408   Code   RO          232    i.infos_angle       myangles.o
    0x08001e98   0x08001e98   0x000000f0   Code   RO          149    i.input_capture_mode  mytimer.o
    0x08001f88   0x08001f88   0x000002d0   Code   RO            5    i.main              main.o
    0x08002258   0x08002258   0x0000007c   Code   RO          233    i.ratio_moteur      myangles.o
    0x080022d4   0x080022d4   0x0000001c   Code   RO          396    i.receive           direction.o
    0x080022f0   0x080022f0   0x00000026   Code   RO          397    i.send              direction.o
    0x08002316   0x08002316   0x0000004c   Code   RO          606    i.sqrt              m_ws.l(sqrt.o)
    0x08002362   0x08002362   0x00000002   PAD
    0x08002364   0x08002364   0x00000020   Data   RO          302    .constdata          antichavirement.o
    0x08002384   0x08002384   0x00000004   PAD
    0x08002388   0x08002388   0x00000050   Data   RO          538    .constdata          m_ws.l(acos.o)
    0x080023d8   0x080023d8   0x00000098   Data   RO          548    .constdata          m_ws.l(atan.o)
    0x08002470   0x08002470   0x00000020   Data   RO          657    Region$$Table       anon$$obj.o


    Execution Region ER_RW (Exec base: 0x20000000, Load base: 0x08002490, Size: 0x00000390, Max: 0xffffffff, ABSOLUTE, COMPRESSED[0x000000ac])

    Exec Addr    Load Addr    Size         Type   Attr      Idx    E Section Name        Object

    0x20000000   COMPRESSED   0x00000084   Data   RW            6    .data               main.o
    0x20000084   COMPRESSED   0x00000004   Data   RW          150    .data               mytimer.o
    0x20000088   COMPRESSED   0x00000304   Data   RW          234    .data               myangles.o
    0x2000038c   COMPRESSED   0x00000004   Data   RW          632    .data               mc_w.l(errno.o)


    Execution Region ER_ZI (Exec base: 0x20000390, Load base: 0x0800253c, Size: 0x00000400, Max: 0xffffffff, ABSOLUTE)

    Exec Addr    Load Addr    Size         Type   Attr      Idx    E Section Name        Object

    0x20000390        -       0x00000400   Zero   RW          483    STACK               startup_stm32f10x_md.o


==============================================================================

Image component sizes


      Code (inc. data)   RO Data    RW Data    ZI Data      Debug   Object Name

       566         54         32          0          0       6414   antichavirement.o
       298         38          0          0          0       3271   direction.o
       760         98          0        132          0     209740   main.o
      1424        138          0        772          0      28946   myangles.o
       192         18          0          0          0       1854   mygpio.o
      1346         76          0          4          0       5356   mytimer.o
       104         14          0          0          0        973   plateau.o
        36          8        236          0       1024        820   startup_stm32f10x_md.o
       328         28          0          0          0       2029   system_stm32f10x.o

    ----------------------------------------------------------------------
      5058        472        304        908       1024     259403   Object Totals
         0          0         32          0          0          0   (incl. Generated)
         4          0          4          0          0          0   (incl. Padding)

    ----------------------------------------------------------------------

      Code (inc. data)   RO Data    RW Data    ZI Data      Debug   Library Member Name

       636         62         80          0          0        188   acos.o
       544         70        152          0          0        124   atan.o
        34          6          0          0          0        204   dunder.o
        40          0          0          0          0         68   fpclassify.o
       170          0          0          0          0         96   poly.o
        76          0          0          0          0         84   sqrt.o
        86          0          0          0          0          0   __dczerorl2.o
         0          0          0          0          0          0   entry.o
         0          0          0          0          0          0   entry10a.o
         0          0          0          0          0          0   entry11a.o
         4          0          0          0          0          0   entry12b.o
         8          4          0          0          0          0   entry2.o
         4          0          0          0          0          0   entry5.o
         0          0          0          0          0          0   entry7b.o
         0          0          0          0          0          0   entry8b.o
         8          4          0          0          0          0   entry9a.o
        12          6          0          4          0         68   errno.o
        30          0          0          0          0          0   handlers.o
        36          8          0          0          0         68   init.o
         0          0          0          0          0          0   iusefp.o
        30          0          0          0          0         68   llshl.o
        36          0          0          0          0         68   llsshr.o
        32          0          0          0          0         68   llushr.o
        48          0          0          0          0         68   cdrcmple.o
        20          0          0          0          0         68   cfcmple.o
        20          0          0          0          0         68   cfrcmple.o
        56          0          0          0          0         88   d2f.o
       334          0          0          0          0        148   dadd.o
       222          0          0          0          0        100   ddiv.o
       186          0          0          0          0        176   depilogue.o
        26          0          0          0          0         76   dfltui.o
       228          0          0          0          0         96   dmul.o
        46          0          0          0          0         80   dscalb.o
       162          0          0          0          0        100   dsqrt.o
        38          0          0          0          0         68   f2d.o
       176          0          0          0          0        140   fadd.o
       124          0          0          0          0         88   fdiv.o
       110          0          0          0          0        168   fepilogue.o
        50          0          0          0          0         68   ffixi.o
        18          0          0          0          0         68   fflti.o
        10          0          0          0          0         68   ffltui.o
       100          0          0          0          0         76   fmul.o

    ----------------------------------------------------------------------
      3766        160        232          4          0       2916   Library Totals
         6          0          0          0          0          0   (incl. Padding)

    ----------------------------------------------------------------------

      Code (inc. data)   RO Data    RW Data    ZI Data      Debug   Library Name

      1500        138        232          0          0        764   m_ws.l
       286         22          0          4          0        340   mc_w.l
      1974          0          0          0          0       1812   mf_w.l

    ----------------------------------------------------------------------
      3766        160        232          4          0       2916   Library Totals

    ----------------------------------------------------------------------

==============================================================================


      Code (inc. data)   RO Data    RW Data    ZI Data      Debug   

      8824        632        536        912       1024     259015   Grand Totals
      8824        632        536        172       1024     259015   ELF Image Totals (compressed)
      8824        632        536        172          0          0   ROM Totals

==============================================================================

    Total RO  Size (Code + RO Data)                 9360 (   9.14kB)
    Total RW  Size (RW Data + ZI Data)              1936 (   1.89kB)
    Total ROM Size (Code + RO Data + RW Data)       9532 (   9.31kB)

==============================================================================

