<html>
<body>
<pre>
<h1>µVision Build Log</h1>
<h2>Tool Versions:</h2>
IDE-Version: µVision V5.36.0.0
Copyright (C) 2021 ARM Ltd and ARM Germany GmbH. All rights reserved.
License Information: Andrea Perez, INSA Toulouse, LIC=----
 
Tool Versions:
Toolchain:       MDK-Lite  Version: 5.36.0.0
Toolchain Path:  C:\Keil_v5\ARM\ARMCC\Bin
C Compiler:      Armcc.exe V5.06 update 7 (build 960)
Assembler:       Armasm.exe V5.06 update 7 (build 960)
Linker/Locator:  ArmLink.exe V5.06 update 7 (build 960)
Library Manager: ArmAr.exe V5.06 update 7 (build 960)
Hex Converter:   FromElf.exe V5.06 update 7 (build 960)
CPU DLL:         SARMCM3.DLL V5.36.0.0
Dialog DLL:      DARMSTM.DLL V1.68.0.0
Target DLL:      UL2CM3.DLL V1.164.0.0
Dialog DLL:      TCM.DLL V1.53.0.0
 
<h2>Project:</h2>
C:\Users\andre\Documents\Andrea\Projet_voilier\projet_voilier.uvprojx
Project File Date:  10/15/2021

<h2>Output:</h2>
*** Using Compiler 'V5.06 update 7 (build 960)', folder: 'C:\Keil_v5\ARM\ARMCC\Bin'
Rebuild target 'Simulé'
compiling MyAngles.c...
assembling startup_stm32f10x_md.s...
compiling main.c...
Source\main.c(59): warning:  #1-D: last line of file ends without a newline
   
Source\main.c: 1 warning, 0 errors
compiling MyGPIO.c...
compiling system_stm32f10x.c...
compiling MyTimer.c...
Source\MyTimer.c(152): warning:  #61-D: integer operation result is out of range
     		 GPIOA->CRL &= ~(0xF << 0x1C);
Source\MyTimer.c(153): warning:  #61-D: integer operation result is out of range
     		 GPIOA->CRL |= (0X9 << 0x1C); 			 //set the associated output pin channel to alternate output push pull
Source\MyTimer.c(153): warning:  #68-D: integer conversion resulted in a change of sign
     		 GPIOA->CRL |= (0X9 << 0x1C); 			 //set the associated output pin channel to alternate output push pull
Source\MyTimer.c(177): warning:  #61-D: integer operation result is out of range
     		 GPIOB->CRL &= ~(0xF << 0x1C);
Source\MyTimer.c(178): warning:  #61-D: integer operation result is out of range
     		 GPIOB->CRL |= (0x9 << 0x1C); 			 //set the associated output pin channel to alternate output push pull
Source\MyTimer.c(178): warning:  #68-D: integer conversion resulted in a change of sign
     		 GPIOB->CRL |= (0x9 << 0x1C); 			 //set the associated output pin channel to alternate output push pull
Source\MyTimer.c: 6 warnings, 0 errors
linking...
Program Size: Code=760 RO-data=268 RW-data=8 ZI-data=1024  
".\Objects\projet_voilier_sim.axf" - 0 Error(s), 7 Warning(s).

<h2>Software Packages used:</h2>

Package Vendor: ARM
                http://www.keil.com/pack/ARM.CMSIS.5.8.0.pack
                ARM.CMSIS.5.8.0
                CMSIS (Common Microcontroller Software Interface Standard)
   * Component: CORE Version: 5.5.0

Package Vendor: Keil
                http://www.keil.com/pack/Keil.STM32F1xx_DFP.2.3.0.pack
                Keil.STM32F1xx_DFP.2.3.0
                STMicroelectronics STM32F1 Series Device Support, Drivers and Examples
   * Component: Startup Version: 1.0.0

<h2>Collection of Component include folders:</h2>
  .\RTE\Device\STM32F103RB
  .\RTE\_Simul_
  C:\Users\andre\AppData\Local\Arm\Packs\ARM\CMSIS\5.8.0\CMSIS\Core\Include
  C:\Users\andre\AppData\Local\Arm\Packs\Keil\STM32F1xx_DFP\2.3.0\Device\Include

<h2>Collection of Component Files used:</h2>

   * Component: ARM::CMSIS:CORE:5.5.0

   * Component: Keil::Device:Startup:1.0.0
      Source file:   Device\Source\ARM\startup_stm32f10x_md.s
      Source file:   Device\Source\system_stm32f10x.c
      Include file:  RTE_Driver\Config\RTE_Device.h
      Source file:   Device\Source\ARM\STM32F1xx_OPT.s
Build Time Elapsed:  00:00:00
</pre>
</body>
</html>
